?   	kredit/api/generated	[no test files]
ok  	kredit/cmd/api	(cached)
?   	kredit/cmd/bootstrap-owner	[no test files]
ok  	kredit/cmd/configcheck	(cached)
ok  	kredit/cmd/migrate	(cached)
ok  	kredit/cmd/provider-simulator	(cached)
ok  	kredit/cmd/reconcile	(cached)
ok  	kredit/cmd/seed	(cached)
ok  	kredit/cmd/worker	(cached)
?   	kredit/db/generated	[no test files]
ok  	kredit/internal/access	(cached)
ok  	kredit/internal/agreementdocs	(cached)
ok  	kredit/internal/audit	(cached)
ok  	kredit/internal/auth	(cached)
ok  	kredit/internal/businesspolicy	(cached)
ok  	kredit/internal/buyers	(cached)
ok  	kredit/internal/collections	0.064s
ok  	kredit/internal/config	(cached)
ok  	kredit/internal/corrections	(cached)
ok  	kredit/internal/credit	0.050s
ok  	kredit/internal/db	(cached)
ok  	kredit/internal/disputes	(cached)
ok  	kredit/internal/documents	(cached)
ok  	kredit/internal/feedback	(cached)
ok  	kredit/internal/idempotency	(cached)
ok  	kredit/internal/identifier	(cached)
ok  	kredit/internal/identity	(cached)
ok  	kredit/internal/jobs	(cached)
ok  	kredit/internal/ledger	(cached)
?   	kredit/internal/legalpublication	[no test files]
ok  	kredit/internal/mandates	(cached)
ok  	kredit/internal/notifications	(cached)
ok  	kredit/internal/observability	(cached)
ok  	kredit/internal/onboarding	0.041s
ok  	kredit/internal/operations	(cached)
ok  	kredit/internal/organizations	(cached)
ok  	kredit/internal/outbox	(cached)
ok  	kredit/internal/paymentclaims	(cached)
ok  	kredit/internal/payments	(cached)
ok  	kredit/internal/platform/logging	(cached)
ok  	kredit/internal/platformops	(cached)
ok  	kredit/internal/platformsettings	0.043s
ok  	kredit/internal/providers/mono	(cached)
ok  	kredit/internal/publictoken	(cached)
ok  	kredit/internal/readiness	(cached)
ok  	kredit/internal/relationships	(cached)
ok  	kredit/internal/reports	(cached)
ok  	kredit/internal/schedules	(cached)
ok  	kredit/internal/support	(cached)
ok  	kredit/internal/tradelines	(cached)
ok  	kredit/internal/usercontrol	(cached)
ok  	kredit/internal/web	0.753s
ok  	kredit/internal/whatsapp	(cached)
ok  	kredit/tests/contract	(cached)
