{"time":"2026-09-07T20:17:52.614073+01:00","level":"INFO","msg":"api started","addr":"127.0.0.1:8080","version":"0.1.0-dev"}
{"time":"2026-09-07T20:18:39.416996+01:00","level":"INFO","msg":"http request","method":"GET","path":"/api/v1/pricing","request_id":"f7a823478315b78212540a7d33d5231a","trace_id":"65f9ada0fa7dd40012778e16679197c9","status":200,"duration_ms":10}
{"time":"2026-09-07T20:18:39.550424+01:00","level":"INFO","msg":"http request","method":"GET","path":"/api/v1/pricing","request_id":"5c4b4d1069b02627bfb32fd1aaf4201d","trace_id":"f983175e64bf2a69d289c75753c11c8a","status":200,"duration_ms":1}
{"time":"2026-09-07T20:20:53.578578+01:00","level":"INFO","msg":"http request","method":"GET","path":"/api/v1/pricing","request_id":"a66d5cc2298707c8c03244ef1ee401e8","trace_id":"376a53c8083a289d076af8f4b115b533","status":200,"duration_ms":1}
{"time":"2026-09-08T09:45:05.787142+01:00","level":"INFO","msg":"http request","method":"GET","path":"/api/v1/ops/governance","request_id":"7d97102111a344294db50335ef0f5331","trace_id":"bcd77e2f8e63b601eddf909cd6d88f50","status":401,"duration_ms":75}
{"time":"2026-09-08T09:47:13.248471+01:00","level":"INFO","msg":"http request","method":"GET","path":"/api/v1/pricing","request_id":"d4b96218b94cc607a1d34ad7f5d800c7","trace_id":"587e7ecbb19232cb8f414b00438eebcf","status":200,"duration_ms":7}
{"time":"2026-09-08T09:47:24.611889+01:00","level":"INFO","msg":"http request","method":"GET","path":"/api/v1/pricing","request_id":"612f9595e7762d16484c50e801576a4d","trace_id":"a22071edab5b002624404d39b0937e34","status":200,"duration_ms":9}
{"time":"2026-09-08T09:47:27.173219+01:00","level":"INFO","msg":"http request","method":"GET","path":"/api/v1/pricing","request_id":"bb6c3f47399e7372d14ee59a27a01874","trace_id":"c48fa941da744de807d3e47666f95db3","status":200,"duration_ms":1}
{"time":"2026-09-08T09:47:53.148323+01:00","level":"INFO","msg":"http request","method":"GET","path":"/api/v1/me","request_id":"ee1ea42baf13be98702dabee9f49526f","trace_id":"c5c5c92daeea224d48dcee96b88eef2f","status":401,"duration_ms":4}
{"time":"2026-09-08T09:47:56.939563+01:00","level":"INFO","msg":"http request","method":"GET","path":"/api/v1/ops/capabilities","request_id":"a15db496858d952d7181af3c590b25f5","trace_id":"f13664b485f08db2c99be13ed2e5bb0d","status":401,"duration_ms":4}
{"time":"2026-09-08T09:47:56.945997+01:00","level":"INFO","msg":"http request","method":"GET","path":"/api/v1/ops/governance","request_id":"f70f20fe2d4e767d96a27c3ed897a9ff","trace_id":"5ed0a3f0333007687ddd441db694fef5","status":401,"duration_ms":2}
{"time":"2026-09-08T09:47:59.070399+01:00","level":"INFO","msg":"http request","method":"GET","path":"/api/v1/ops/capabilities","request_id":"5315f4e481915a4d8f9b06f6113e44ec","trace_id":"7926f021dc2189aeec5870df6a75acb8","status":401,"duration_ms":5}
{"time":"2026-09-08T09:47:59.078303+01:00","level":"INFO","msg":"http request","method":"GET","path":"/api/v1/ops/governance","request_id":"d58dac449291c77c7736fe8808f01074","trace_id":"5c6eda3175e71ceebb4a2e898c5db2ac","status":401,"duration_ms":12}
{"time":"2026-09-08T09:48:00.193817+01:00","level":"INFO","msg":"http request","method":"GET","path":"/api/v1/ops/governance","request_id":"8dc3ea494a544e851b34dfd18bffacd9","trace_id":"fd49ff417a013d39b7d45a0cd1c9e6c7","status":401,"duration_ms":4}
{"time":"2026-09-08T09:48:00.194264+01:00","level":"INFO","msg":"http request","method":"GET","path":"/api/v1/ops/capabilities","request_id":"a837506774f9f84410239afc15f1d47c","trace_id":"2fae6f6724b24fcd307c4e1d6cc63fa5","status":401,"duration_ms":10}
{"time":"2026-09-08T09:48:01.736224+01:00","level":"INFO","msg":"http request","method":"GET","path":"/api/v1/ops/capabilities","request_id":"31dc8264dcc74931952b3cef2137d7a5","trace_id":"2e3ebab5a0350e17d960de897cbb5684","status":401,"duration_ms":2}
{"time":"2026-09-08T09:48:01.744904+01:00","level":"INFO","msg":"http request","method":"GET","path":"/api/v1/ops/governance","request_id":"aebb3c4caa8bbed16ca5aa3a23fa4172","trace_id":"c3e5bb8dae0d8f17829869fbebc44a25","status":401,"duration_ms":5}
{"time":"2026-09-08T09:48:02.260511+01:00","level":"INFO","msg":"http request","method":"GET","path":"/api/v1/pricing","request_id":"774e1dd7a133a1232d02ab5313ab4ca0","trace_id":"c89f47aa0fb1ae5a8374dc6ed3364738","status":200,"duration_ms":1}
{"time":"2026-09-08T09:49:39.721732+01:00","level":"INFO","msg":"http request","method":"GET","path":"/api/v1/pricing","request_id":"d57f21b40c6d9d6714c5eab9708cdc15","trace_id":"bee063c9ce1dc0fb3c915ec74ab23e2a","status":200,"duration_ms":1}
{"time":"2026-09-08T09:50:16.349555+01:00","level":"INFO","msg":"http request","method":"GET","path":"/api/v1/ops/attention","request_id":"220a82b006ffc8eb23d122587abcb7d4","trace_id":"688d516262ed873748b51a2df7de5028","status":401,"duration_ms":3}
{"time":"2026-09-08T09:50:21.346007+01:00","level":"INFO","msg":"http request","method":"GET","path":"/api/v1/organizations/org-1/reports/receivables","request_id":"d5953eaf00fdc2b99ee2f1952b932cf6","trace_id":"0891e5a94bd3b0b891c44ac7448bee5b","status":401,"duration_ms":1}
{"time":"2026-09-08T09:51:51.154601+01:00","level":"INFO","msg":"http request","method":"GET","path":"/api/v1/platform/capabilities","request_id":"4ebcc74b9a67723047123f50d5278aee","trace_id":"5159e9b281aed8a5d876b5a6545a2307","status":200,"duration_ms":31}
{"time":"2026-09-08T09:55:02.733956+01:00","level":"INFO","msg":"http request","method":"GET","path":"/api/v1/platform/capabilities","request_id":"803e62a1eaad554392fc2996d6b17e94","trace_id":"731550b022d72a8405c28003abca8138","status":200,"duration_ms":7}
{"time":"2026-09-08T09:57:29.8953+01:00","level":"INFO","msg":"http request","method":"GET","path":"/api/v1/pricing","request_id":"9d781078c35f3b75e4d9f8e05e0d4f5d","trace_id":"b81092c06996e5c16dd7931a74121574","status":200,"duration_ms":3}
{"time":"2026-09-08T09:59:22.710698+01:00","level":"INFO","msg":"http request","method":"GET","path":"/api/v1/me","request_id":"7936e789da8dfcc4e77ebf57e48038b5","trace_id":"38e782bd8ec262894187779b2ddcbc24","status":401,"duration_ms":7}
{"time":"2026-09-08T11:01:23.061153+01:00","level":"INFO","msg":"http request","method":"GET","path":"/api/v1/me","request_id":"a8de150910884f0d8750dce8747da520","trace_id":"1156fddfdacb7c9ce281ec2134833e09","status":401,"duration_ms":28}
{"time":"2026-09-08T11:01:49.889874+01:00","level":"INFO","msg":"http request","method":"GET","path":"/api/v1/pricing","request_id":"0344fd42cee31925e28e6efc239dfb4d","trace_id":"4e616bc308bffeb725bbb528704adb94","status":200,"duration_ms":5}
{"time":"2026-09-08T11:02:02.346928+01:00","level":"INFO","msg":"http request","method":"GET","path":"/api/v1/pricing","request_id":"888efce81baf9f5eed4e2687185f42d5","trace_id":"6998ae8c196941c85731396f033a9995","status":200,"duration_ms":7}
{"time":"2026-09-08T11:02:06.918626+01:00","level":"INFO","msg":"http request","method":"GET","path":"/api/v1/pricing","request_id":"dc4839fc846a9d8dc49baf11a907e7df","trace_id":"6bfc13317070cecfce9432ce33f6f27c","status":200,"duration_ms":1}
{"time":"2026-09-08T11:02:41.864539+01:00","level":"INFO","msg":"http request","method":"GET","path":"/api/v1/ops/governance","request_id":"31595ea467f94e1a0f4ed6d78c4f605a","trace_id":"9656ed82608cd5b574892462b54c1ea1","status":401,"duration_ms":33}
{"time":"2026-09-08T11:02:41.865058+01:00","level":"INFO","msg":"http request","method":"GET","path":"/api/v1/ops/capabilities","request_id":"d1698af3ffe1136c80b78f9f0e5f31a2","trace_id":"1d9e884322b2e309d1f10ef53dd51871","status":401,"duration_ms":37}
{"time":"2026-09-08T11:02:43.76167+01:00","level":"INFO","msg":"http request","method":"GET","path":"/api/v1/ops/capabilities","request_id":"f44ce0d09ea16de063a1e52a27759c1d","trace_id":"48770d8a2d79286c58704141633599aa","status":401,"duration_ms":3}
{"time":"2026-09-08T11:02:43.765761+01:00","level":"INFO","msg":"http request","method":"GET","path":"/api/v1/ops/governance","request_id":"54dac11a0ffeff844c34aeedd5d56990","trace_id":"2696827456b5d866eec3e309b8a7d471","status":401,"duration_ms":3}
{"time":"2026-09-08T11:02:44.909319+01:00","level":"INFO","msg":"http request","method":"GET","path":"/api/v1/ops/capabilities","request_id":"fac70d8d6c6327a941d5a5c977ffbf99","trace_id":"bf097ec062707f9efabf2de4edb4c6f8","status":401,"duration_ms":5}
{"time":"2026-09-08T11:02:44.914075+01:00","level":"INFO","msg":"http request","method":"GET","path":"/api/v1/ops/governance","request_id":"b8f49e6a8b5ff35d1485fc0d2cded486","trace_id":"cac433b1d4844846acd8e1f1497b58d9","status":401,"duration_ms":3}
{"time":"2026-09-08T11:02:46.460485+01:00","level":"INFO","msg":"http request","method":"GET","path":"/api/v1/ops/capabilities","request_id":"785574a2ff3d7e4c1a64097857ff94a5","trace_id":"f5118410070771d43a01f4de1d8beca4","status":401,"duration_ms":2}
{"time":"2026-09-08T11:02:46.470568+01:00","level":"INFO","msg":"http request","method":"GET","path":"/api/v1/ops/governance","request_id":"7719256f5f2eb0dc71ada7338a1f9296","trace_id":"78564a7f13db219355a31a894addb21c","status":401,"duration_ms":5}
{"time":"2026-09-08T11:02:46.975888+01:00","level":"INFO","msg":"http request","method":"GET","path":"/api/v1/pricing","request_id":"533ad462726095dfdb8ec283a2b7960a","trace_id":"eaa151c13f888d788486c21f2c56114a","status":200,"duration_ms":3}
{"time":"2026-09-08T11:03:41.840821+01:00","level":"INFO","msg":"http request","method":"GET","path":"/api/v1/pricing","request_id":"16985a044839b45bcb3fc2aaa400e5cf","trace_id":"ff63b91e16262c5becf5821524917623","status":200,"duration_ms":1}
{"time":"2026-09-08T11:04:09.904825+01:00","level":"INFO","msg":"http request","method":"GET","path":"/api/v1/ops/attention","request_id":"5cb00ecf7772f9b572aaafb7d7b3cae0","trace_id":"0571a7c83ede61e10217646bbcfcf233","status":401,"duration_ms":2}
{"time":"2026-09-08T11:04:13.695072+01:00","level":"INFO","msg":"http request","method":"GET","path":"/api/v1/organizations/org-1/reports/receivables","request_id":"d81600838e7480f975b3f57fbff54681","trace_id":"382849c21dc772bfa9edc66078a28493","status":401,"duration_ms":1}
{"time":"2026-09-08T11:05:20.656786+01:00","level":"INFO","msg":"http request","method":"GET","path":"/api/v1/platform/capabilities","request_id":"ea680effe28fa72d5fef789fc11d5131","trace_id":"7a1f70c78e195da6090147d0836784b8","status":200,"duration_ms":7}
{"time":"2026-09-08T11:07:37.419471+01:00","level":"INFO","msg":"http request","method":"GET","path":"/api/v1/pricing","request_id":"707b3345296313bd97175f314e69c0d2","trace_id":"32401dd3dc68c0335b382f4d1c35b4b7","status":200,"duration_ms":2}
{"time":"2026-09-08T11:07:53.875776+01:00","level":"INFO","msg":"http request","method":"GET","path":"/api/v1/pricing","request_id":"4b91587e91a01d899971f83660fe4b74","trace_id":"58d8b3ee515230b31a3e9d32f8d08c69","status":200,"duration_ms":2}
{"time":"2026-09-08T11:08:41.392547+01:00","level":"INFO","msg":"http request","method":"GET","path":"/api/v1/me","request_id":"6531abcd50785003db8728e4ddeafe74","trace_id":"b6c84bbc4ceb4c9916000052fc461b50","status":401,"duration_ms":1}
{"time":"2026-09-08T11:55:22.796126+01:00","level":"INFO","msg":"http request","method":"GET","path":"/api/v1/pricing","request_id":"19165deb98d3a299ae25dfc70dc8f6ad","trace_id":"a21127553ea255cca97ba68c41536e2f","status":200,"duration_ms":10}
{"time":"2026-09-08T11:55:37.371061+01:00","level":"INFO","msg":"http request","method":"GET","path":"/api/v1/pricing","request_id":"492c8a44dc06b13e2827f108ba7cc10f","trace_id":"a4153e583378060372efe7a9f242b8a8","status":200,"duration_ms":1}
{"time":"2026-09-08T11:55:39.902041+01:00","level":"INFO","msg":"http request","method":"GET","path":"/api/v1/pricing","request_id":"4919ce4f7b8894b87244deb9599bf0d1","trace_id":"fe1ada77cfc4eb7a6bf1d95e052717b4","status":200,"duration_ms":4}
{"time":"2026-09-08T11:56:06.983851+01:00","level":"INFO","msg":"http request","method":"GET","path":"/api/v1/me","request_id":"dea70454f67dd22493c0f27b381bf0d8","trace_id":"8f4318b284d1bdbd93a60409fbeceebc","status":401,"duration_ms":14}
{"time":"2026-09-08T11:56:10.793624+01:00","level":"INFO","msg":"http request","method":"GET","path":"/api/v1/ops/capabilities","request_id":"23163248f03c2dbbba6b3c086b8b7c53","trace_id":"962ad303fff3eb3d1d85be11396707ae","status":401,"duration_ms":2}
{"time":"2026-09-08T11:56:10.801322+01:00","level":"INFO","msg":"http request","method":"GET","path":"/api/v1/ops/governance","request_id":"cfb13473862d2cc9fa3b8b94221f3628","trace_id":"fdf50bf9763feb1e282ddfc8c9aa24ce","status":401,"duration_ms":9}
{"time":"2026-09-08T11:56:12.837009+01:00","level":"INFO","msg":"http request","method":"GET","path":"/api/v1/ops/capabilities","request_id":"06e50e4184aa9ffaae833357f6b85c73","trace_id":"5786a07a881a638177e2b85a152e74a2","status":401,"duration_ms":2}
{"time":"2026-09-08T11:56:12.841195+01:00","level":"INFO","msg":"http request","method":"GET","path":"/api/v1/ops/governance","request_id":"2288e9487e7c4f95aa5b5b369d24e3e2","trace_id":"00c09830428de557198b453ba7928218","status":401,"duration_ms":2}
{"time":"2026-09-08T11:56:13.93775+01:00","level":"INFO","msg":"http request","method":"GET","path":"/api/v1/ops/capabilities","request_id":"4a28748b8f6d3117264dedd741ce457b","trace_id":"0c3dc0a2df7a563be8000962b04597f1","status":401,"duration_ms":18}
{"time":"2026-09-08T11:56:13.942266+01:00","level":"INFO","msg":"http request","method":"GET","path":"/api/v1/ops/governance","request_id":"df2730e81442934c699baf771eb5faff","trace_id":"b2ddebaf8276739dac5de98dce37475d","status":401,"duration_ms":4}
{"time":"2026-09-08T11:56:15.510626+01:00","level":"INFO","msg":"http request","method":"GET","path":"/api/v1/ops/capabilities","request_id":"cf7f8aa4d7646be7fcfcd348186e2dcd","trace_id":"fb59ac9adb4a53d8e11f133846e02a2e","status":401,"duration_ms":5}
{"time":"2026-09-08T11:56:15.510866+01:00","level":"INFO","msg":"http request","method":"GET","path":"/api/v1/ops/governance","request_id":"d34532e265aefdd54f286603fc15d8ea","trace_id":"6afa11b69d7aa40c07bb20535e165e3f","status":401,"duration_ms":5}
{"time":"2026-09-08T11:56:16.048243+01:00","level":"INFO","msg":"http request","method":"GET","path":"/api/v1/pricing","request_id":"88a43ab23417fa4592370ba4ada95066","trace_id":"cf55aed507a9d1e06f8752e6a5c98c31","status":200,"duration_ms":0}
{"time":"2026-09-08T11:56:40.203693+01:00","level":"INFO","msg":"http request","method":"GET","path":"/api/v1/pricing","request_id":"8014dad7b813ce409c5e90695974838f","trace_id":"adcb14d7aaf49bd0a2210df37e3fd60f","status":200,"duration_ms":13}
{"time":"2026-09-08T11:57:08.411326+01:00","level":"INFO","msg":"http request","method":"GET","path":"/api/v1/ops/attention","request_id":"c2cc7c09feeb92dc68cea36fc7ccd9fc","trace_id":"3df14f38e0f19e0f537f64002e5bd63b","status":401,"duration_ms":8}
{"time":"2026-09-08T11:57:12.702579+01:00","level":"INFO","msg":"http request","method":"GET","path":"/api/v1/organizations/org-1/reports/receivables","request_id":"25b99b5006c4e4d832848bfa4fee1cf5","trace_id":"af76d787a0c54212baf28f2ca983ac39","status":401,"duration_ms":1}
{"time":"2026-09-08T11:58:02.834008+01:00","level":"INFO","msg":"http request","method":"GET","path":"/api/v1/pricing","request_id":"55c5639e5018fd31ae2fb15fefb540c5","trace_id":"1b54a748f9cce7269e4df3870d57a75b","status":200,"duration_ms":1}
{"time":"2026-09-08T11:58:50.429817+01:00","level":"INFO","msg":"http request","method":"GET","path":"/api/v1/pricing","request_id":"f8c5d0bea6607d8c82f787a4ffcdb163","trace_id":"6553f37884ad4641793f171ed340c286","status":200,"duration_ms":1}
{"time":"2026-09-08T13:24:42.838004+01:00","level":"INFO","msg":"http request","method":"GET","path":"/api/v1/me","request_id":"b606589e3a85358e7a213145cf03022d","trace_id":"e3990145f524e7bd4b45c5881847acef","status":401,"duration_ms":46}
{"time":"2026-09-08T13:24:43.161534+01:00","level":"INFO","msg":"http request","method":"GET","path":"/api/v1/pricing","request_id":"17c9d8f19954d729e65a976aeececc4f","trace_id":"dcc8386932410b738b154a0036dd3a39","status":200,"duration_ms":11}
{"time":"2026-09-08T13:24:58.182804+01:00","level":"INFO","msg":"http request","method":"GET","path":"/api/v1/pricing","request_id":"399f2c0418bc246c9254e261b9579141","trace_id":"4f1f1fd2a5b72ec0be80c79dbfd1f092","status":200,"duration_ms":20}
{"time":"2026-09-08T13:25:00.469349+01:00","level":"INFO","msg":"http request","method":"GET","path":"/api/v1/pricing","request_id":"c384181568819e80a9262939a7677ca3","trace_id":"5f31d837ff20f2e1557de5eed5882f44","status":200,"duration_ms":4}
{"time":"2026-09-08T13:25:30.774182+01:00","level":"INFO","msg":"http request","method":"GET","path":"/api/v1/ops/capabilities","request_id":"892afe794ce601eee3d3ed438c6fc08e","trace_id":"6a0fcfed8667c31f31c4af6ef8a2a5cc","status":401,"duration_ms":1}
{"time":"2026-09-08T13:25:30.784685+01:00","level":"INFO","msg":"http request","method":"GET","path":"/api/v1/ops/governance","request_id":"0a37c7cebfc9b9dcd0311f65f8bcf53e","trace_id":"7cefdb21b01360954f50e0e6d4631662","status":401,"duration_ms":4}
{"time":"2026-09-08T13:25:32.995005+01:00","level":"INFO","msg":"http request","method":"GET","path":"/api/v1/ops/capabilities","request_id":"be960c72b12935779a2366b685db9691","trace_id":"726a995228cc1193d0e77d500f88b61c","status":401,"duration_ms":4}
{"time":"2026-09-08T13:25:33.001189+01:00","level":"INFO","msg":"http request","method":"GET","path":"/api/v1/ops/governance","request_id":"80a8613a43a00197a8fff5b6913a029f","trace_id":"27ea12603a4e327c37c440296d5f93c0","status":401,"duration_ms":7}
{"time":"2026-09-08T13:25:34.070693+01:00","level":"INFO","msg":"http request","method":"GET","path":"/api/v1/ops/capabilities","request_id":"b717c5681cd164cb399940f696fe1877","trace_id":"2f4ba7a7ad827247ce1c0478bcd43521","status":401,"duration_ms":17}
{"time":"2026-09-08T13:25:34.080476+01:00","level":"INFO","msg":"http request","method":"GET","path":"/api/v1/ops/governance","request_id":"ebccfad6391252bf93c79535f627a8fa","trace_id":"f25a644ef277b1745c845cc80b26f18e","status":401,"duration_ms":5}
{"time":"2026-09-08T13:25:35.615341+01:00","level":"INFO","msg":"http request","method":"GET","path":"/api/v1/ops/capabilities","request_id":"25ccaa5c4c95d12a68d3fbb3af0d87ec","trace_id":"185b10678bc69fe2238c84b78057307a","status":401,"duration_ms":4}
{"time":"2026-09-08T13:25:35.624803+01:00","level":"INFO","msg":"http request","method":"GET","path":"/api/v1/ops/governance","request_id":"3b2ef33167c6764263457e3a4cd6dafa","trace_id":"8b65a28d75d79e088e17d0970df3692e","status":401,"duration_ms":11}
{"time":"2026-09-08T13:25:36.127517+01:00","level":"INFO","msg":"http request","method":"GET","path":"/api/v1/pricing","request_id":"4021f64e4e8e83b735bea3abbf602936","trace_id":"2e01dcd58c048672c6bf6932ba276b07","status":200,"duration_ms":0}
{"time":"2026-09-08T13:25:57.995636+01:00","level":"INFO","msg":"http request","method":"GET","path":"/api/v1/pricing","request_id":"925c0f1a51483edf0c2ecb173ef20bc1","trace_id":"cde8b5ef207097f71df9cb4ab3b8e238","status":200,"duration_ms":2}
{"time":"2026-09-08T13:27:22.536436+01:00","level":"INFO","msg":"http request","method":"GET","path":"/api/v1/ops/attention","request_id":"405f8b7fc215fa8994a68e6806df7c75","trace_id":"c26d85c63820ef75bb2e0578dbec45b1","status":401,"duration_ms":2}
{"time":"2026-09-08T13:27:27.324893+01:00","level":"INFO","msg":"http request","method":"GET","path":"/api/v1/organizations/org-1/reports/receivables","request_id":"0a456cf2c3a0870c7f185ee8cdfd369e","trace_id":"e4be4c6a97aa48bfe975bb3112b53cff","status":401,"duration_ms":1}
{"time":"2026-09-08T13:28:16.249012+01:00","level":"INFO","msg":"http request","method":"GET","path":"/api/v1/pricing","request_id":"68a32d8c7589d12b60d729df27480fe6","trace_id":"87046b3ad784bbf9ed119c4b186d8b88","status":200,"duration_ms":1}
{"time":"2026-09-08T13:28:28.401975+01:00","level":"INFO","msg":"http request","method":"GET","path":"/api/v1/pricing","request_id":"3bf8eb0af73fedf66e8d180f05579d6b","trace_id":"eee0e784e18428f524d531c7332cf974","status":200,"duration_ms":1}
{"time":"2026-09-08T16:48:58.857236+01:00","level":"INFO","msg":"http request","method":"GET","path":"/api/v1/pricing","request_id":"355af18caeb671db7d9b020c246ca605","trace_id":"5197bdb26fc69a0f753ff7a2d2a2aca5","status":200,"duration_ms":37}
{"time":"2026-09-08T16:52:09.712662+01:00","level":"INFO","msg":"http request","method":"GET","path":"/api/v1/pricing","request_id":"2ae1f93624a9752d58d71fbb82c4c582","trace_id":"742eb691d1c55f4e7fa0d705cc3279bb","status":200,"duration_ms":4}
{"time":"2026-09-08T16:52:40.025793+01:00","level":"INFO","msg":"http request","method":"GET","path":"/api/v1/pricing","request_id":"6ca8afc831a650eb37160288accaa3df","trace_id":"56d175767b235d67a1bf43ff28adc0bc","status":200,"duration_ms":34}
{"time":"2026-09-08T16:55:34.404624+01:00","level":"INFO","msg":"http request","method":"GET","path":"/api/v1/me","request_id":"64e81aefa12e34aa8ee2bbd58fe9fb84","trace_id":"a35e12bfce382fb1ed322c48c5e4fe72","status":401,"duration_ms":15}
{"time":"2026-09-08T16:56:06.813228+01:00","level":"INFO","msg":"http request","method":"GET","path":"/api/v1/ops/governance","request_id":"78d3615385935d8485a06e930cd54b7b","trace_id":"d3a3786b4746b4ce3a2e48ea48a0ec9d","status":401,"duration_ms":11}
{"time":"2026-09-08T16:56:06.819641+01:00","level":"INFO","msg":"http request","method":"GET","path":"/api/v1/ops/capabilities","request_id":"8a1b8b7fe3d7b0c515c1b5666186bfd4","trace_id":"7b8759ca7bae11010351c3f8a1c8d482","status":401,"duration_ms":20}
{"time":"2026-09-08T16:56:10.256681+01:00","level":"INFO","msg":"http request","method":"GET","path":"/api/v1/ops/capabilities","request_id":"fff1f2413c3cb56b4309471b860a57b7","trace_id":"534d8b07eaa045566b766d01732cf4a1","status":401,"duration_ms":10}
{"time":"2026-09-08T16:56:10.261869+01:00","level":"INFO","msg":"http request","method":"GET","path":"/api/v1/ops/governance","request_id":"a94b41165944a15e20b5b20b59ea0cbe","trace_id":"95a58bee5dd2c34f4abe9ba1c1c6bc7a","status":401,"duration_ms":11}
{"time":"2026-09-08T16:56:11.168826+01:00","level":"INFO","msg":"http request","method":"GET","path":"/api/v1/ops/capabilities","request_id":"aaa53212a629a14a8daef2472c8aef44","trace_id":"ac1de2c7129b338e3cb8d9a6fac9c32a","status":401,"duration_ms":9}
{"time":"2026-09-08T16:56:11.200963+01:00","level":"INFO","msg":"http request","method":"GET","path":"/api/v1/ops/governance","request_id":"02227e48849b425957e84a37d73d2075","trace_id":"3b407c4f44d6a972acb3f5bcda054e81","status":401,"duration_ms":33}
{"time":"2026-09-08T16:56:12.049677+01:00","level":"INFO","msg":"http request","method":"GET","path":"/api/v1/ops/capabilities","request_id":"275e3b3a8a92570dab2fd9605f407d1c","trace_id":"ac9f626f5ac4ad72c1d658f3ec61959d","status":401,"duration_ms":1}
{"time":"2026-09-08T16:56:12.081063+01:00","level":"INFO","msg":"http request","method":"GET","path":"/api/v1/ops/governance","request_id":"380d5eeef996b8311b910f3eb627a593","trace_id":"1bbe0deb0861ace52ba4e34ac845db02","status":401,"duration_ms":1}
{"time":"2026-09-08T16:56:14.203325+01:00","level":"INFO","msg":"http request","method":"GET","path":"/api/v1/pricing","request_id":"c1913f86da933f227ec3786b77aa49a7","trace_id":"c30a0bd77a1a89e1be7794f3bfa625c8","status":200,"duration_ms":1}
{"time":"2026-09-08T16:58:28.908611+01:00","level":"INFO","msg":"http request","method":"GET","path":"/api/v1/pricing","request_id":"2a3a01d1de65fdf7ac7b7aa73906b376","trace_id":"ec561d617f1385df9ddc3728254a10c2","status":200,"duration_ms":5}
{"time":"2026-09-08T17:07:29.260864+01:00","level":"INFO","msg":"http request","method":"GET","path":"/api/v1/buyer/trade-lines/line-issue/statement","request_id":"a6db571da0c43d26381d59006009b409","trace_id":"fa4c2360a4b11bc9048406b6aa230c3b","status":401,"duration_ms":4}
{"time":"2026-09-08T17:08:10.149755+01:00","level":"INFO","msg":"http request","method":"GET","path":"/api/v1/pricing","request_id":"5e4e5bd086170a005361ac6624712249","trace_id":"1b28f5416c41417c9626f3ac333f316a","status":200,"duration_ms":12}
{"time":"2026-09-08T18:07:20.446539+01:00","level":"INFO","msg":"http request","method":"GET","path":"/api/v1/me","request_id":"da78d880c21ecf1b626f287ea5665e3c","trace_id":"6bc1b4dea58c98b9ffe474179291dcdb","status":401,"duration_ms":2}
{"time":"2026-09-08T20:46:02.209432+01:00","level":"INFO","msg":"http request","method":"GET","path":"/api/v1/me","request_id":"fd890405b4746e3263b05a8a724612cd","trace_id":"74f52bc78d9ed8477091bc41947f5ea0","status":401,"duration_ms":35}
{"time":"2026-09-09T10:22:34.589904+01:00","level":"INFO","msg":"http request","method":"GET","path":"/api/v1/website/pricing","request_id":"358de36aea185717d613f68365979883","trace_id":"f7af816b5903bdffd8a382272b87e8c0","status":404,"duration_ms":10}
{"time":"2026-09-09T10:22:34.727356+01:00","level":"INFO","msg":"http request","method":"GET","path":"/api/v1/pricing","request_id":"404ce96cf37f5867b2546f07ff5f63c1","trace_id":"80a1243ef865e282fce97fd41b21293a","status":200,"duration_ms":81}
{"time":"2026-09-09T10:23:10.092226+01:00","level":"INFO","msg":"http request","method":"GET","path":"/api/v1/website/home","request_id":"5d4746859a1cb55422a2c011d4db0d90","trace_id":"f3ed18417c01e8fb9d93840e0aee1629","status":404,"duration_ms":0}
{"time":"2026-09-09T10:23:28.96514+01:00","level":"INFO","msg":"http request","method":"GET","path":"/api/v1/website/home","request_id":"369015ac0c6ba082a8ede08c969a6375","trace_id":"1287bb45160f0be67380b11930c30e17","status":404,"duration_ms":0}
{"time":"2026-09-09T10:23:52.199338+01:00","level":"INFO","msg":"http request","method":"GET","path":"/api/v1/website/pricing","request_id":"41298476ce1268da1a335d85663e5906","trace_id":"1873a2eaf6760328abfc8d32ec30ce75","status":404,"duration_ms":0}
{"time":"2026-09-09T10:23:52.221167+01:00","level":"INFO","msg":"http request","method":"GET","path":"/api/v1/pricing","request_id":"80795697dda4fc474b14330b9212a43f","trace_id":"d94322535717c03e4e6be6d5f526bacb","status":200,"duration_ms":3}
{"time":"2026-09-09T10:24:09.32863+01:00","level":"INFO","msg":"http request","method":"GET","path":"/api/v1/website/pricing","request_id":"f639aef5d0b4a459fe1c0a5274779107","trace_id":"f832bf55a4012961b9de1f0c8fcf52cb","status":404,"duration_ms":0}
{"time":"2026-09-09T10:24:09.387048+01:00","level":"INFO","msg":"http request","method":"GET","path":"/api/v1/pricing","request_id":"da85e1a6315483863459c219ca57f54d","trace_id":"0a5c8e25ad5a0990ea7c3ec790419f44","status":200,"duration_ms":45}
{"time":"2026-09-09T10:28:01.0319+01:00","level":"INFO","msg":"http request","method":"GET","path":"/api/v1/ops/capabilities","request_id":"52558e17a033c9778cfff1f4ab2f4992","trace_id":"a6d090b1b09ed1a312efac5daaf9cd13","status":401,"duration_ms":46}
{"time":"2026-09-09T10:28:01.032818+01:00","level":"INFO","msg":"http request","method":"GET","path":"/api/v1/ops/governance","request_id":"a996f12137d0be5d5070a0ac3181b38c","trace_id":"36db38d7c90a85a5d930f360a9610ec6","status":401,"duration_ms":44}
{"time":"2026-09-09T10:29:05.849981+01:00","level":"INFO","msg":"http request","method":"GET","path":"/api/v1/website/pricing","request_id":"ab19c41d4d4ce54768d917f4833380f1","trace_id":"a888ff4d3c7c220890e5ff097548da09","status":404,"duration_ms":0}
{"time":"2026-09-09T10:29:05.871432+01:00","level":"INFO","msg":"http request","method":"GET","path":"/api/v1/pricing","request_id":"436035a678eeb54d563594099a0464d2","trace_id":"a012c312f27116a3c6354d252c489b4b","status":200,"duration_ms":5}
{"time":"2026-09-09T10:30:34.356428+01:00","level":"INFO","msg":"http request","method":"GET","path":"/api/v1/website/faq","request_id":"b07955ec3ed61d6a2bb31d8fd118444c","trace_id":"0c06e0b3301e90854a1975072febd094","status":404,"duration_ms":0}
{"time":"2026-09-09T10:32:42.574422+01:00","level":"INFO","msg":"http request","method":"GET","path":"/api/v1/website/home","request_id":"7407ba2ffeb5d111e732c14e476509c1","trace_id":"da1d882363b67c59744b699a81be5edb","status":404,"duration_ms":0}
{"time":"2026-09-09T10:33:05.731499+01:00","level":"INFO","msg":"http request","method":"GET","path":"/api/v1/website/pricing","request_id":"61a10fcd4e7e02a4278c858ba168a522","trace_id":"a3b77405e2f2f3df6f4fb573d6e45740","status":404,"duration_ms":0}
{"time":"2026-09-09T10:33:05.869674+01:00","level":"INFO","msg":"http request","method":"GET","path":"/api/v1/pricing","request_id":"0112b7429efe08e5b375c4734d85e30f","trace_id":"67926e9eda86811b8cb4fecf0a222162","status":200,"duration_ms":5}
{"time":"2026-09-09T10:33:12.506042+01:00","level":"INFO","msg":"http request","method":"GET","path":"/api/v1/website/faq","request_id":"ce852517684d93c2ba6ec2ed35f3a8af","trace_id":"9e09cebd1e3530b71ca0ff14cc9d8f29","status":404,"duration_ms":0}
{"time":"2026-09-09T10:33:40.590021+01:00","level":"INFO","msg":"http request","method":"GET","path":"/api/v1/website/home","request_id":"f9be3d21ee1d1f963ab321f03932b285","trace_id":"fb6d0236b288a4d187671bcf6ba5f857","status":404,"duration_ms":0}
{"time":"2026-09-09T10:36:06.63598+01:00","level":"INFO","msg":"http request","method":"GET","path":"/api/v1/ops/attention","request_id":"22babcda9914001d49fec9924c0c7c32","trace_id":"c8f8803b0db41ef87dc84a51d601fd32","status":401,"duration_ms":4}
{"time":"2026-09-09T10:36:36.473928+01:00","level":"INFO","msg":"http request","method":"GET","path":"/api/v1/organizations/org-1/reports/receivables","request_id":"3519f16084695182549330da9992b642","trace_id":"ec3e795fd6b7006cd0565d6d087a9f73","status":401,"duration_ms":23}
{"time":"2026-09-09T10:48:16.755254+01:00","level":"INFO","msg":"http request","method":"GET","path":"/api/v1/website/home","request_id":"f9c7a9aa90898b8fa39f6d3d21d10e0f","trace_id":"6686f21e546f040087422543d728176f","status":404,"duration_ms":0}
{"time":"2026-09-09T10:48:30.793805+01:00","level":"INFO","msg":"http request","method":"GET","path":"/api/v1/website/home","request_id":"06157e387b0ea7a4584f75e68a71ae77","trace_id":"17af2acab260522f5519651a5233738d","status":404,"duration_ms":0}
{"time":"2026-09-09T10:48:48.534043+01:00","level":"INFO","msg":"http request","method":"GET","path":"/api/v1/website/home","request_id":"cb46888480d5afff5d9316d25c72416d","trace_id":"3f2de6f24ee8cd08468ac3967474367d","status":404,"duration_ms":0}
{"time":"2026-09-09T10:49:18.990536+01:00","level":"INFO","msg":"http request","method":"GET","path":"/api/v1/website/pricing","request_id":"39b34023005ed53a7b99941e201fdab2","trace_id":"ca606d8657c05cff48de65f30a705466","status":404,"duration_ms":0}
{"time":"2026-09-09T10:49:19.029677+01:00","level":"INFO","msg":"http request","method":"GET","path":"/api/v1/pricing","request_id":"49de25ae8dc60d7515c4632aa4deeabf","trace_id":"e84533eb97418a446a8852182b2d5130","status":200,"duration_ms":29}
{"time":"2026-09-09T10:49:26.122534+01:00","level":"INFO","msg":"http request","method":"GET","path":"/api/v1/website/faq","request_id":"c7630b95dfc2e6dffb1f66da6d1cbfb6","trace_id":"4429073ef45c06ce04e86b1ae4c80d0d","status":404,"duration_ms":0}
{"time":"2026-09-09T10:49:42.817686+01:00","level":"INFO","msg":"http request","method":"GET","path":"/api/v1/website/home","request_id":"a2fe67f570bfa520f000864c5a95032b","trace_id":"430640c8a39d2d921d06b519a3d9fc10","status":404,"duration_ms":0}
{"time":"2026-09-09T10:51:03.279918+01:00","level":"INFO","msg":"http request","method":"GET","path":"/api/v1/website/pricing","request_id":"dffb1edd3bf137454d5263cfca48904f","trace_id":"54e4a5e2187bd96ee2aae6757da5675c","status":404,"duration_ms":0}
{"time":"2026-09-09T10:51:03.294693+01:00","level":"INFO","msg":"http request","method":"GET","path":"/api/v1/pricing","request_id":"50830e0b28108a8b48fba71d09bddf5a","trace_id":"5ed31a138fdba67e114d46c0aa816cd4","status":200,"duration_ms":4}
{"time":"2026-09-09T10:51:32.400123+01:00","level":"INFO","msg":"http request","method":"GET","path":"/api/v1/website/faq","request_id":"88dce06f8984be338f47faf54e060949","trace_id":"27798824e70481301c3ec7b3582d8aea","status":404,"duration_ms":0}
{"time":"2026-09-09T10:55:25.563558+01:00","level":"INFO","msg":"http request","method":"GET","path":"/api/v1/website/home","request_id":"a669f7c61d49e7256a60495a6b59ac9b","trace_id":"bf82a0888311cfe212cc37d307769988","status":404,"duration_ms":0}
{"time":"2026-09-09T11:11:58.963934+01:00","level":"INFO","msg":"http request","method":"GET","path":"/api/v1/website/pricing","request_id":"807ba530b1aa63c55805be146e229592","trace_id":"91eea4e0b334f91c632005e89751fbe4","status":404,"duration_ms":0}
{"time":"2026-09-09T11:11:58.981215+01:00","level":"INFO","msg":"http request","method":"GET","path":"/api/v1/pricing","request_id":"22d90f2bf6cd7b5894056f0a0b0cd9fe","trace_id":"7ba76fa32854d22aa92c8a1a94eac4e1","status":200,"duration_ms":11}
{"time":"2026-09-09T11:15:08.520229+01:00","level":"INFO","msg":"http request","method":"GET","path":"/api/v1/ops/attention","request_id":"d17d6c3cc0fbd555554f72cc7b0e881d","trace_id":"a612427fc576d80f3ec1632b5ba73358","status":401,"duration_ms":37}
{"time":"2026-09-09T11:15:37.358129+01:00","level":"INFO","msg":"http request","method":"GET","path":"/api/v1/organizations/org-1/reports/receivables","request_id":"8fdec02020f8d49bf0e33c1cdfe9b04b","trace_id":"3daf441db52f4a16244b803e226db8e8","status":401,"duration_ms":45}
{"time":"2026-09-09T11:19:57.21691+01:00","level":"INFO","msg":"http request","method":"GET","path":"/api/v1/website/home","request_id":"dd95aa2247ea0d654f3c42cb7c384f0f","trace_id":"e677cfa7024ccffa383b048852c4b5a6","status":404,"duration_ms":0}
{"time":"2026-09-09T14:37:39.56079+01:00","level":"INFO","msg":"http request","method":"GET","path":"/api/health","request_id":"0c644d49d7ddd6d34e40d7628e8741af","trace_id":"d0a5795b9ed9b1bbfe0d197d30ca8ae7","status":404,"duration_ms":0}
{"time":"2026-09-09T14:37:42.859527+01:00","level":"INFO","msg":"http request","method":"GET","path":"/api/health","request_id":"3febdf2e3604f96cb0feb7592bbb2b0b","trace_id":"ddc2569045df426641da416c498c3bee","status":404,"duration_ms":0}
{"time":"2026-09-09T14:37:49.856483+01:00","level":"INFO","msg":"http request","method":"GET","path":"/api/v1/healthz","request_id":"99c4bb85bc7b5800b0be7d687c5015fe","trace_id":"eabd5173126f2850e6a489ceafe9c8e6","status":200,"duration_ms":10}
