DO
REVOKE
GRANT
GRANT
GRANT
REVOKE
GRANT
ALTER DEFAULT PRIVILEGES
ALTER DEFAULT PRIVILEGES
ALTER DEFAULT PRIVILEGES
GRANT
GRANT
ALTER DEFAULT PRIVILEGES
ALTER DEFAULT PRIVILEGES
DO
GRANT
GRANT
GRANT
GRANT
GRANT
GRANT
GRANT
GRANT
ALTER DEFAULT PRIVILEGES
ALTER DEFAULT PRIVILEGES
ALTER DEFAULT PRIVILEGES
ALTER DEFAULT PRIVILEGES
REVOKE
GRANT
GRANT
GRANT
GRANT
GRANT
GRANT
ALTER DEFAULT PRIVILEGES
ALTER DEFAULT PRIVILEGES
GRANT
GRANT
GRANT
REVOKE
REVOKE
REVOKE
REVOKE
REVOKE
GRANT
GRANT
GRANT
GRANT
GRANT
GRANT
GRANT
ALTER ROLE
ALTER ROLE
ALTER ROLE
ALTER ROLE
CREATE ROLE
CREATE ROLE
CREATE ROLE
ALTER ROLE
ALTER ROLE
ALTER ROLE
GRANT ROLE
GRANT ROLE
GRANT ROLE
GRANT ROLE
GRANT ROLE
