2026/09/07 20:16:51 OK   001_initial.sql (29.45ms)
2026/09/07 20:16:51 OK   002_milestone1_auth_org.sql (63.57ms)
2026/09/07 20:16:51 OK   003_milestone2_buyers_identity.sql (45.58ms)
2026/09/07 20:16:51 OK   004_milestone3_credit_ledger.sql (51.14ms)
2026/09/07 20:16:51 OK   005_milestone4_payments.sql (28.96ms)
2026/09/07 20:16:51 OK   006_milestone5_schedules.sql (14.89ms)
2026/09/07 20:16:51 OK   007_milestone6_trade_lines.sql (18.98ms)
2026/09/07 20:16:51 OK   008_milestone7_collections.sql (17.22ms)
2026/09/07 20:16:51 OK   009_milestone8_disputes_operations.sql (22.8ms)
2026/09/07 20:16:51 OK   010_milestone9_notifications_whatsapp.sql (32.11ms)
2026/09/07 20:16:51 OK   011_milestone10_reporting_history.sql (26.05ms)
2026/09/07 20:16:51 OK   012_milestone11_provider_adapter.sql (46.18ms)
2026/09/07 20:16:51 OK   013_milestone12_release_readiness.sql (39.11ms)
2026/09/07 20:16:51 OK   014_river_jobs_schema.sql (2.53ms)
2026/09/07 20:16:51 OK   015_missing_domain_tables.sql (90.73ms)
2026/09/07 20:16:51 OK   016_financial_core_hardening.sql (52.36ms)
2026/09/07 20:16:51 OK   017_worker_operations.sql (38.9ms)
2026/09/07 20:16:51 OK   018_security_hardening.sql (9.56ms)
2026/09/07 20:16:52 OK   019_runtime_role_policies.sql (14.14ms)
2026/09/07 20:16:52 OK   020_auth_persistence_primitives.sql (14.79ms)
2026/09/07 20:16:52 OK   021_organization_persistence_primitives.sql (5.64ms)
2026/09/07 20:16:52 OK   022_network_and_mandates.sql (77.1ms)
2026/09/07 20:16:52 OK   023_buyer_persistence_primitives.sql (14.54ms)
2026/09/07 20:16:52 OK   024_credit_aggregate_snapshots.sql (27.54ms)
2026/09/07 20:16:52 OK   025_mandate_lookup_function.sql (5.93ms)
2026/09/07 20:16:52 OK   026_mandate_lookup_owner.sql (11.32ms)
2026/09/07 20:16:52 OK   027_credit_snapshot_tenant_functions.sql (4.62ms)
2026/09/07 20:16:52 OK   028_outbox_processing_lease.sql (11.48ms)
2026/09/07 20:16:52 OK   029_runtime_domain_repository_policies.sql (7.66ms)
2026/09/07 20:16:52 OK   030_schedule_repository_runtime_policy.sql (8.98ms)
2026/09/07 20:16:52 OK   031_atomic_payment_repository.sql (24.87ms)
2026/09/07 20:16:52 OK   032_supplier_customer_directory.sql (6.45ms)
2026/09/07 20:16:52 OK   033_fix_ledger_balance_trigger.sql (2.34ms)
2026/09/07 20:16:52 OK   034_trade_line_runtime_policy.sql (11.65ms)
2026/09/07 20:16:52 OK   035_collection_aggregate_repository.sql (48.63ms)
2026/09/07 20:16:52 OK   036_corrections_runtime_policy.sql (3.3ms)
2026/09/07 20:16:52 OK   037_dispute_operation_runtime_policy.sql (9.46ms)
2026/09/07 20:16:52 OK   038_notification_delivery_repository.sql (9.91ms)
2026/09/07 20:16:52 OK   039_analytics_runtime_policy.sql (1.97ms)
2026/09/07 20:16:52 OK   040_messaging_runtime_policy.sql (1.49ms)
2026/09/07 20:16:52 OK   041_notification_delivery_recovery.sql (7.26ms)
2026/09/07 20:16:52 OK   042_platform_operations_roles.sql (32.92ms)
2026/09/07 20:16:52 OK   043_fix_auth_user_upsert_ambiguity.sql (9.54ms)
2026/09/07 20:16:52 OK   044_payment_sources_and_claims.sql (30.74ms)
2026/09/07 20:16:52 OK   045_trade_line_mandate_integrity.sql (11.01ms)
2026/09/07 20:16:52 OK   046_trade_line_drawdown_lifecycle.sql (85.78ms)
2026/09/07 20:16:52 OK   047_supplier_onboarding_readiness.sql (59.36ms)
2026/09/07 20:16:52 OK   048_user_control_and_privacy.sql (92.59ms)
2026/09/07 20:16:52 OK   049_operations_controls.sql (98.07ms)
2026/09/07 20:16:52 OK   050_product_analytics.sql (32.22ms)
2026/09/07 20:16:52 OK   051_analytics_contract_completion.sql (8.92ms)
2026/09/07 20:16:52 OK   052_sweep_collection_safety.sql (24.81ms)
2026/09/07 20:16:52 OK   053_payment_reversal_integrity.sql (1.7ms)
2026/09/07 20:16:52 OK   054_collection_eligibility_lock.sql (1.84ms)
2026/09/07 20:16:52 OK   055_durable_financial_notices.sql (3.8ms)
2026/09/07 20:16:52 OK   056_financial_reconciliation.sql (22.44ms)
2026/09/07 20:16:52 OK   057_collection_notice_delivery.sql (6.41ms)
2026/09/07 20:16:52 OK   058_operations_intent_integrity.sql (2.53ms)
2026/09/07 20:16:52 OK   059_adjustment_notification_evidence.sql (7.48ms)
2026/09/07 20:16:52 OK   060_provider_reversal_review.sql (7.17ms)
2026/09/07 20:16:52 OK   061_business_policies.sql (20.5ms)
2026/09/07 20:16:52 OK   062_policy_enforcement_and_fee_terms.sql (6.81ms)
2026/09/07 20:16:52 OK   063_preserve_existing_commitments.sql (2.65ms)
2026/09/07 20:16:52 OK   064_admin_workflows.sql (33.97ms)
2026/09/07 20:16:52 OK   065_admin_attention_details.sql (2.95ms)
2026/09/07 20:16:52 OK   066_admin_support_review_queue.sql (4.11ms)
2026/09/07 20:16:52 OK   067_canonical_phone_identifiers.sql (3.88ms)
2026/09/07 20:16:52 OK   068_session_idle_and_mfa_throttle.sql (5.17ms)
2026/09/07 20:16:53 OK   069_shared_authentication_rate_limits.sql (6.29ms)
2026/09/07 20:16:53 OK   070_deemed_acceptance_evidence.sql (1.78ms)
2026/09/07 20:16:53 OK   071_audit_financial_integrity.sql (7.51ms)
2026/09/07 20:16:53 OK   072_repair_audit_legacy_state.sql (4.84ms)
2026/09/07 20:16:53 OK   073_audit_security_invariants.sql (7.89ms)
2026/09/07 20:16:53 OK   074_mfa_replay_and_rotation.sql (1.21ms)
2026/09/07 20:16:53 OK   075_document_upload_lifecycle.sql (4.01ms)
2026/09/07 20:16:53 OK   076_buyer_notice_acknowledgement.sql (8.28ms)
2026/09/07 20:16:53 OK   077_document_tenant_rls.sql (1.85ms)
2026/09/07 20:16:53 OK   078_runtime_role_idempotency.sql (2.5ms)
2026/09/07 20:16:53 OK   079_notice_acknowledgement_permissions.sql (4.18ms)
2026/09/07 20:16:53 OK   080_collected_payment_reversal_provenance.sql (2ms)
2026/09/07 20:16:53 OK   081_phase2_tenant_isolation.sql (18.05ms)
2026/09/07 20:16:53 OK   082_phase2_collection_tenant_isolation.sql (4.66ms)
2026/09/07 20:16:53 OK   083_phase2_buyer_evidence_guard.sql (3.01ms)
2026/09/07 20:16:53 OK   084_phase2_collection_worker_boundaries.sql (5ms)
2026/09/07 20:16:53 OK   085_phase2_provider_collection_identity.sql (1.27ms)
2026/09/07 20:16:53 OK   086_phase5_financial_monitoring.sql (2.62ms)
2026/09/07 20:16:53 OK   087_owner_super_admin_controls.sql (24.38ms)
2026/09/07 20:16:53 goose: successfully migrated database to version: 87
database migrations are up to date
