2026/09/07 20:50:08 OK   001_initial.sql (28.87ms)
2026/09/07 20:50:08 OK   002_milestone1_auth_org.sql (55.62ms)
2026/09/07 20:50:08 OK   003_milestone2_buyers_identity.sql (50.5ms)
2026/09/07 20:50:08 OK   004_milestone3_credit_ledger.sql (50.05ms)
2026/09/07 20:50:08 OK   005_milestone4_payments.sql (27.5ms)
2026/09/07 20:50:09 OK   006_milestone5_schedules.sql (13.75ms)
2026/09/07 20:50:09 OK   007_milestone6_trade_lines.sql (20.74ms)
2026/09/07 20:50:09 OK   008_milestone7_collections.sql (18.25ms)
2026/09/07 20:50:09 OK   009_milestone8_disputes_operations.sql (23.59ms)
2026/09/07 20:50:09 OK   010_milestone9_notifications_whatsapp.sql (19.13ms)
2026/09/07 20:50:09 OK   011_milestone10_reporting_history.sql (14.97ms)
2026/09/07 20:50:09 OK   012_milestone11_provider_adapter.sql (15.01ms)
2026/09/07 20:50:09 OK   013_milestone12_release_readiness.sql (13.5ms)
2026/09/07 20:50:09 OK   014_river_jobs_schema.sql (1.2ms)
2026/09/07 20:50:09 OK   015_missing_domain_tables.sql (31.23ms)
2026/09/07 20:50:09 OK   016_financial_core_hardening.sql (16.52ms)
2026/09/07 20:50:09 OK   017_worker_operations.sql (10.88ms)
2026/09/07 20:50:09 OK   018_security_hardening.sql (2.22ms)
2026/09/07 20:50:09 OK   019_runtime_role_policies.sql (4.81ms)
2026/09/07 20:50:09 OK   020_auth_persistence_primitives.sql (5.03ms)
2026/09/07 20:50:09 OK   021_organization_persistence_primitives.sql (2.52ms)
2026/09/07 20:50:09 OK   022_network_and_mandates.sql (23.75ms)
2026/09/07 20:50:09 OK   023_buyer_persistence_primitives.sql (3.45ms)
2026/09/07 20:50:09 OK   024_credit_aggregate_snapshots.sql (8.75ms)
2026/09/07 20:50:09 OK   025_mandate_lookup_function.sql (2.23ms)
2026/09/07 20:50:09 OK   026_mandate_lookup_owner.sql (2.25ms)
2026/09/07 20:50:09 OK   027_credit_snapshot_tenant_functions.sql (1.65ms)
2026/09/07 20:50:09 OK   028_outbox_processing_lease.sql (2.19ms)
2026/09/07 20:50:09 OK   029_runtime_domain_repository_policies.sql (3.52ms)
2026/09/07 20:50:09 OK   030_schedule_repository_runtime_policy.sql (2.53ms)
2026/09/07 20:50:09 OK   031_atomic_payment_repository.sql (6.78ms)
2026/09/07 20:50:09 OK   032_supplier_customer_directory.sql (2.23ms)
2026/09/07 20:50:09 OK   033_fix_ledger_balance_trigger.sql (1.3ms)
2026/09/07 20:50:09 OK   034_trade_line_runtime_policy.sql (4.2ms)
2026/09/07 20:50:09 OK   035_collection_aggregate_repository.sql (10.72ms)
2026/09/07 20:50:09 OK   036_corrections_runtime_policy.sql (2.02ms)
2026/09/07 20:50:09 OK   037_dispute_operation_runtime_policy.sql (3.54ms)
2026/09/07 20:50:09 OK   038_notification_delivery_repository.sql (3.4ms)
2026/09/07 20:50:09 OK   039_analytics_runtime_policy.sql (1.04ms)
2026/09/07 20:50:09 OK   040_messaging_runtime_policy.sql (1.28ms)
2026/09/07 20:50:09 OK   041_notification_delivery_recovery.sql (3.16ms)
2026/09/07 20:50:09 OK   042_platform_operations_roles.sql (9.58ms)
2026/09/07 20:50:09 OK   043_fix_auth_user_upsert_ambiguity.sql (2.02ms)
2026/09/07 20:50:09 OK   044_payment_sources_and_claims.sql (15.22ms)
2026/09/07 20:50:09 OK   045_trade_line_mandate_integrity.sql (4.84ms)
2026/09/07 20:50:09 OK   046_trade_line_drawdown_lifecycle.sql (23.05ms)
2026/09/07 20:50:09 OK   047_supplier_onboarding_readiness.sql (22.72ms)
2026/09/07 20:50:09 OK   048_user_control_and_privacy.sql (69.67ms)
2026/09/07 20:50:09 OK   049_operations_controls.sql (55.67ms)
2026/09/07 20:50:09 OK   050_product_analytics.sql (32.81ms)
2026/09/07 20:50:09 OK   051_analytics_contract_completion.sql (8.39ms)
2026/09/07 20:50:09 OK   052_sweep_collection_safety.sql (26.43ms)
2026/09/07 20:50:09 OK   053_payment_reversal_integrity.sql (1.44ms)
2026/09/07 20:50:09 OK   054_collection_eligibility_lock.sql (1.71ms)
2026/09/07 20:50:09 OK   055_durable_financial_notices.sql (3.3ms)
2026/09/07 20:50:09 OK   056_financial_reconciliation.sql (18.66ms)
2026/09/07 20:50:09 OK   057_collection_notice_delivery.sql (7.19ms)
2026/09/07 20:50:09 OK   058_operations_intent_integrity.sql (1.56ms)
2026/09/07 20:50:09 OK   059_adjustment_notification_evidence.sql (2.69ms)
2026/09/07 20:50:09 OK   060_provider_reversal_review.sql (4.14ms)
2026/09/07 20:50:09 OK   061_business_policies.sql (20.06ms)
2026/09/07 20:50:09 OK   062_policy_enforcement_and_fee_terms.sql (7.08ms)
2026/09/07 20:50:09 OK   063_preserve_existing_commitments.sql (2.49ms)
2026/09/07 20:50:09 OK   064_admin_workflows.sql (36.2ms)
2026/09/07 20:50:09 OK   065_admin_attention_details.sql (2.4ms)
2026/09/07 20:50:09 OK   066_admin_support_review_queue.sql (4.64ms)
2026/09/07 20:50:09 OK   067_canonical_phone_identifiers.sql (3.68ms)
2026/09/07 20:50:09 OK   068_session_idle_and_mfa_throttle.sql (4.88ms)
2026/09/07 20:50:09 OK   069_shared_authentication_rate_limits.sql (6.18ms)
2026/09/07 20:50:09 OK   070_deemed_acceptance_evidence.sql (1.74ms)
2026/09/07 20:50:09 OK   071_audit_financial_integrity.sql (7.19ms)
2026/09/07 20:50:09 OK   072_repair_audit_legacy_state.sql (4.54ms)
2026/09/07 20:50:09 OK   073_audit_security_invariants.sql (7.38ms)
2026/09/07 20:50:09 OK   074_mfa_replay_and_rotation.sql (1.19ms)
2026/09/07 20:50:09 OK   075_document_upload_lifecycle.sql (3.91ms)
2026/09/07 20:50:09 OK   076_buyer_notice_acknowledgement.sql (7.72ms)
2026/09/07 20:50:09 OK   077_document_tenant_rls.sql (1.73ms)
2026/09/07 20:50:09 OK   078_runtime_role_idempotency.sql (2.62ms)
2026/09/07 20:50:09 OK   079_notice_acknowledgement_permissions.sql (2.59ms)
2026/09/07 20:50:09 OK   080_collected_payment_reversal_provenance.sql (1.47ms)
2026/09/07 20:50:09 OK   081_phase2_tenant_isolation.sql (17.15ms)
2026/09/07 20:50:09 OK   082_phase2_collection_tenant_isolation.sql (4.69ms)
2026/09/07 20:50:09 OK   083_phase2_buyer_evidence_guard.sql (3.06ms)
2026/09/07 20:50:09 OK   084_phase2_collection_worker_boundaries.sql (4.95ms)
2026/09/07 20:50:09 OK   085_phase2_provider_collection_identity.sql (1.16ms)
2026/09/07 20:50:09 OK   086_phase5_financial_monitoring.sql (2.23ms)
2026/09/07 20:50:09 OK   087_owner_super_admin_controls.sql (26.03ms)
2026/09/07 20:50:09 OK   088_settings_history_immutable.sql (1.88ms)
2026/09/07 20:50:09 goose: successfully migrated database to version: 88
database migrations are up to date
